24.22.98.135 - - [17/Sep/2009:07:14:12 -0700] "GET www.unitedhero.com/images/photo/background4.jpg HTTP/1.1" 200 176562 "http://www.unitedhero.com/" "Mozilla/5.0 (Macintosh; U; Intel Mac OS X 10_4_11; en) AppleWebKit/530.19.2 (KHTML, like Gecko) Version/4.0.2 Safari/530.19"
207.191.122.173 - - [17/Sep/2009:08:17:10 -0700] "GET unitedhero.com/favicon.ico HTTP/1.1" 404 - "-" "Mozilla/4.0 (compatible; GoogleToolbar 6.2.1910.1554; Windows 6.0; MSIE 8.0.6001.18813)"
207.191.122.173 - - [17/Sep/2009:08:18:36 -0700] "GET unitedhero.com/favicon.ico HTTP/1.1" 404 - "-" "Mozilla/4.0 (compatible; GoogleToolbar 6.2.1910.1554; Windows 6.0; MSIE 8.0.6001.18813)"
207.191.122.173 - - [17/Sep/2009:08:18:46 -0700] "GET unitedhero.com/favicon.ico HTTP/1.1" 404 - "-" "Mozilla/4.0 (compatible; GoogleToolbar 6.2.1910.1554; Windows 6.0; MSIE 8.0.6001.18813)"
71.227.188.248 - - [17/Sep/2009:08:55:35 -0700] "GET unitedhero.com/ HTTP/1.1" 200 5308 "-" "Mozilla/5.0 (Windows; U; Windows NT 6.0; en-US; rv:1.9.0.14) Gecko/2009082707 Firefox/3.0.14 (.NET CLR 3.5.30729)"
71.227.188.248 - - [17/Sep/2009:08:55:36 -0700] "GET unitedhero.com/styles/main.css HTTP/1.1" 200 3651 "http://unitedhero.com/" "Mozilla/5.0 (Windows; U; Windows NT 6.0; en-US; rv:1.9.0.14) Gecko/2009082707 Firefox/3.0.14 (.NET CLR 3.5.30729)"
71.227.188.248 - - [17/Sep/2009:08:55:36 -0700] "GET unitedhero.com/Scripts/AC_RunActiveContent.js HTTP/1.1" 200 8029 "http://unitedhero.com/" "Mozilla/5.0 (Windows; U; Windows NT 6.0; en-US; rv:1.9.0.14) Gecko/2009082707 Firefox/3.0.14 (.NET CLR 3.5.30729)"
71.227.188.248 - - [17/Sep/2009:08:55:36 -0700] "GET unitedhero.com/images/logo.png HTTP/1.1" 200 6989 "http://unitedhero.com/" "Mozilla/5.0 (Windows; U; Windows NT 6.0; en-US; rv:1.9.0.14) Gecko/2009082707 Firefox/3.0.14 (.NET CLR 3.5.30729)"
71.227.188.248 - - [17/Sep/2009:08:55:36 -0700] "GET unitedhero.com/images/background.png HTTP/1.1" 200 611 "http://unitedhero.com/styles/main.css" "Mozilla/5.0 (Windows; U; Windows NT 6.0; en-US; rv:1.9.0.14) Gecko/2009082707 Firefox/3.0.14 (.NET CLR 3.5.30729)"
71.227.188.248 - - [17/Sep/2009:08:55:36 -0700] "GET unitedhero.com/images/content_background.png HTTP/1.1" 200 13092 "http://unitedhero.com/styles/main.css" "Mozilla/5.0 (Windows; U; Windows NT 6.0; en-US; rv:1.9.0.14) Gecko/2009082707 Firefox/3.0.14 (.NET CLR 3.5.30729)"
71.227.188.248 - - [17/Sep/2009:08:55:37 -0700] "GET unitedhero.com/images/photo/background6.jpg HTTP/1.1" 200 122304 "http://unitedhero.com/" "Mozilla/5.0 (Windows; U; Windows NT 6.0; en-US; rv:1.9.0.14) Gecko/2009082707 Firefox/3.0.14 (.NET CLR 3.5.30729)"
71.227.188.248 - - [17/Sep/2009:08:55:37 -0700] "GET unitedhero.com/images/photo/background7.jpg HTTP/1.1" 200 122244 "http://unitedhero.com/styles/main.css" "Mozilla/5.0 (Windows; U; Windows NT 6.0; en-US; rv:1.9.0.14) Gecko/2009082707 Firefox/3.0.14 (.NET CLR 3.5.30729)"
71.227.188.248 - - [17/Sep/2009:08:55:38 -0700] "GET unitedhero.com/favicon.ico HTTP/1.1" 404 - "-" "Mozilla/5.0 (Windows; U; Windows NT 6.0; en-US; rv:1.9.0.14) Gecko/2009082707 Firefox/3.0.14 (.NET CLR 3.5.30729)"
71.227.188.248 - - [17/Sep/2009:08:55:39 -0700] "GET unitedhero.com/favicon.ico HTTP/1.1" 404 - "-" "Mozilla/5.0 (Windows; U; Windows NT 6.0; en-US; rv:1.9.0.14) Gecko/2009082707 Firefox/3.0.14 (.NET CLR 3.5.30729)"
71.227.188.248 - - [17/Sep/2009:10:17:57 -0700] "GET unitedhero.com/ HTTP/1.1" 200 5440 "-" "Mozilla/5.0 (Windows; U; Windows NT 6.0; en-US; rv:1.9.0.14) Gecko/2009082707 Firefox/3.0.14 (.NET CLR 3.5.30729)"
71.227.188.248 - - [17/Sep/2009:10:17:58 -0700] "GET unitedhero.com/images/photo/background11.jpg HTTP/1.1" 200 68538 "http://unitedhero.com/" "Mozilla/5.0 (Windows; U; Windows NT 6.0; en-US; rv:1.9.0.14) Gecko/2009082707 Firefox/3.0.14 (.NET CLR 3.5.30729)"
66.249.67.123 - - [17/Sep/2009:10:30:35 -0700] "GET unitedhero.com/robots.txt HTTP/1.1" 404 - "-" "Mozilla/5.0 (compatible; Googlebot/2.1; +http://www.google.com/bot.html)"
66.249.67.123 - - [17/Sep/2009:10:30:35 -0700] "GET unitedhero.com/styles/main.css HTTP/1.1" 200 3651 "-" "Mozilla/5.0 (compatible; Googlebot/2.1; +http://www.google.com/bot.html)"
98.226.138.75 - - [17/Sep/2009:10:39:59 -0700] "GET www.unitedhero.com/ HTTP/1.1" 200 5301 "-" "Mozilla/4.0 (compatible; MSIE 7.0; Windows NT 6.0; GTB5; FunWebProducts; SLCC1; .NET CLR 2.0.50727; .NET CLR 3.5.30729; .NET CLR 3.0.30618)"
98.226.138.75 - - [17/Sep/2009:10:40:03 -0700] "GET www.unitedhero.com/styles/main.css HTTP/1.1" 304 - "http://www.unitedhero.com/" "Mozilla/4.0 (compatible; MSIE 7.0; Windows NT 6.0; GTB5; FunWebProducts; SLCC1; .NET CLR 2.0.50727; .NET CLR 3.5.30729; .NET CLR 3.0.30618)"
98.226.138.75 - - [17/Sep/2009:10:40:03 -0700] "GET www.unitedhero.com/Scripts/AC_RunActiveContent.js HTTP/1.1" 304 - "http://www.unitedhero.com/" "Mozilla/4.0 (compatible; MSIE 7.0; Windows NT 6.0; GTB5; FunWebProducts; SLCC1; .NET CLR 2.0.50727; .NET CLR 3.5.30729; .NET CLR 3.0.30618)"
98.226.138.75 - - [17/Sep/2009:10:40:04 -0700] "GET www.unitedhero.com/images/background.png HTTP/1.1" 304 - "http://www.unitedhero.com/" "Mozilla/4.0 (compatible; MSIE 7.0; Windows NT 6.0; GTB5; FunWebProducts; SLCC1; .NET CLR 2.0.50727; .NET CLR 3.5.30729; .NET CLR 3.0.30618)"
98.226.138.75 - - [17/Sep/2009:10:40:05 -0700] "GET www.unitedhero.com/images/logo.png HTTP/1.1" 304 - "http://www.unitedhero.com/" "Mozilla/4.0 (compatible; MSIE 7.0; Windows NT 6.0; GTB5; FunWebProducts; SLCC1; .NET CLR 2.0.50727; .NET CLR 3.5.30729; .NET CLR 3.0.30618)"
98.226.138.75 - - [17/Sep/2009:10:40:05 -0700] "GET www.unitedhero.com/images/photo/background7.jpg HTTP/1.1" 304 - "http://www.unitedhero.com/" "Mozilla/4.0 (compatible; MSIE 7.0; Windows NT 6.0; GTB5; FunWebProducts; SLCC1; .NET CLR 2.0.50727; .NET CLR 3.5.30729; .NET CLR 3.0.30618)"
98.226.138.75 - - [17/Sep/2009:10:40:05 -0700] "GET www.unitedhero.com/images/photo/background5.jpg HTTP/1.1" 200 135427 "http://www.unitedhero.com/" "Mozilla/4.0 (compatible; MSIE 7.0; Windows NT 6.0; GTB5; FunWebProducts; SLCC1; .NET CLR 2.0.50727; .NET CLR 3.5.30729; .NET CLR 3.0.30618)"
98.226.138.75 - - [17/Sep/2009:10:40:05 -0700] "GET www.unitedhero.com/images/content_background.png HTTP/1.1" 304 - "http://www.unitedhero.com/" "Mozilla/4.0 (compatible; MSIE 7.0; Windows NT 6.0; GTB5; FunWebProducts; SLCC1; .NET CLR 2.0.50727; .NET CLR 3.5.30729; .NET CLR 3.0.30618)"
66.249.67.139 - - [17/Sep/2009:12:00:20 -0700] "GET www.unitedhero.com/robots.txt HTTP/1.1" 404 - "-" "Googlebot-Image/1.0"
66.249.67.139 - - [17/Sep/2009:12:00:20 -0700] "GET www.unitedhero.com/images/nandm2.jpg HTTP/1.1" 304 - "-" "Googlebot-Image/1.0"
69.63.181.250 - - [17/Sep/2009:12:25:03 -0700] "GET unitedhero.com/images/logo.png HTTP/1.1" 200 6989 "-" "facebookexternalhit/1.0 (+http://www.facebook.com/externalhit_uatext.php)"
66.249.67.139 - - [17/Sep/2009:12:51:02 -0700] "GET www.unitedhero.com/bottled_water_charity_images/united_hero_logo.png HTTP/1.1" 404 - "-" "Googlebot-Image/1.0"
24.253.92.202 - - [17/Sep/2009:13:48:29 -0700] "GET unitedhero.com/ HTTP/1.1" 200 5328 "-" "Mozilla/5.0 (Macintosh; U; Intel Mac OS X 10_4_11; en) AppleWebKit/531.9 (KHTML, like Gecko) Version/4.0.3 Safari/531.9"
24.253.92.202 - - [17/Sep/2009:13:48:31 -0700] "GET unitedhero.com/styles/main.css HTTP/1.1" 304 - "http://unitedhero.com/" "Mozilla/5.0 (Macintosh; U; Intel Mac OS X 10_4_11; en) AppleWebKit/531.9 (KHTML, like Gecko) Version/4.0.3 Safari/531.9"
24.253.92.202 - - [17/Sep/2009:13:48:32 -0700] "GET unitedhero.com/favicon.ico HTTP/1.1" 404 - "http://unitedhero.com/" "Mozilla/5.0 (Macintosh; U; Intel Mac OS X 10_4_11; en) AppleWebKit/531.9 (KHTML, like Gecko) Version/4.0.3 Safari/531.9"
98.226.138.75 - - [17/Sep/2009:14:26:10 -0700] "GET www.unitedhero.com/ HTTP/1.1" 200 5328 "-" "Mozilla/4.0 (compatible; MSIE 7.0; Windows NT 6.0; GTB5; FunWebProducts; SLCC1; .NET CLR 2.0.50727; .NET CLR 3.5.30729; .NET CLR 3.0.30618)"
98.226.138.75 - - [17/Sep/2009:14:26:10 -0700] "GET www.unitedhero.com/styles/main.css HTTP/1.1" 304 - "http://www.unitedhero.com/" "Mozilla/4.0 (compatible; MSIE 7.0; Windows NT 6.0; GTB5; FunWebProducts; SLCC1; .NET CLR 2.0.50727; .NET CLR 3.5.30729; .NET CLR 3.0.30618)"
98.226.138.75 - - [17/Sep/2009:14:26:11 -0700] "GET www.unitedhero.com/Scripts/AC_RunActiveContent.js HTTP/1.1" 304 - "http://www.unitedhero.com/" "Mozilla/4.0 (compatible; MSIE 7.0; Windows NT 6.0; GTB5; FunWebProducts; SLCC1; .NET CLR 2.0.50727; .NET CLR 3.5.30729; .NET CLR 3.0.30618)"
98.226.138.75 - - [17/Sep/2009:14:26:12 -0700] "GET www.unitedhero.com/images/background.png HTTP/1.1" 304 - "http://www.unitedhero.com/" "Mozilla/4.0 (compatible; MSIE 7.0; Windows NT 6.0; GTB5; FunWebProducts; SLCC1; .NET CLR 2.0.50727; .NET CLR 3.5.30729; .NET CLR 3.0.30618)"
98.226.138.75 - - [17/Sep/2009:14:26:12 -0700] "GET www.unitedhero.com/images/logo.png HTTP/1.1" 304 - "http://www.unitedhero.com/" "Mozilla/4.0 (compatible; MSIE 7.0; Windows NT 6.0; GTB5; FunWebProducts; SLCC1; .NET CLR 2.0.50727; .NET CLR 3.5.30729; .NET CLR 3.0.30618)"
98.226.138.75 - - [17/Sep/2009:14:26:12 -0700] "GET www.unitedhero.com/images/photo/background7.jpg HTTP/1.1" 304 - "http://www.unitedhero.com/" "Mozilla/4.0 (compatible; MSIE 7.0; Windows NT 6.0; GTB5; FunWebProducts; SLCC1; .NET CLR 2.0.50727; .NET CLR 3.5.30729; .NET CLR 3.0.30618)"
98.226.138.75 - - [17/Sep/2009:14:26:12 -0700] "GET www.unitedhero.com/images/content_background.png HTTP/1.1" 304 - "http://www.unitedhero.com/" "Mozilla/4.0 (compatible; MSIE 7.0; Windows NT 6.0; GTB5; FunWebProducts; SLCC1; .NET CLR 2.0.50727; .NET CLR 3.5.30729; .NET CLR 3.0.30618)"
98.226.138.75 - - [17/Sep/2009:14:26:12 -0700] "GET www.unitedhero.com/images/photo/background3.jpg HTTP/1.1" 200 163675 "http://www.unitedhero.com/" "Mozilla/4.0 (compatible; MSIE 7.0; Windows NT 6.0; GTB5; FunWebProducts; SLCC1; .NET CLR 2.0.50727; .NET CLR 3.5.30729; .NET CLR 3.0.30618)"
24.17.66.85 - - [17/Sep/2009:14:33:00 -0700] "GET www.unitedhero.com/ HTTP/1.1" 200 5342 "-" "Mozilla/4.0 (compatible; MSIE 7.0; Windows NT 6.0; Trident/4.0; DS_desktopsmiley; GTB6; desktopsmiley_1_3_319317514023422_7_285; SLCC1; .NET CLR 2.0.50727; Media Center PC 5.0; .NET CLR 3.5.30729; .NET CLR 3.0.30618)"
24.17.66.85 - - [17/Sep/2009:14:33:03 -0700] "GET www.unitedhero.com/styles/main.css HTTP/1.1" 304 - "http://www.unitedhero.com/" "Mozilla/4.0 (compatible; MSIE 7.0; Windows NT 6.0; Trident/4.0; DS_desktopsmiley; GTB6; desktopsmiley_1_3_319317514023422_7_285; SLCC1; .NET CLR 2.0.50727; Media Center PC 5.0; .NET CLR 3.5.30729; .NET CLR 3.0.30618)"
24.17.66.85 - - [17/Sep/2009:14:33:03 -0700] "GET www.unitedhero.com/styles/main.css HTTP/1.1" 304 - "http://www.unitedhero.com/" "Mozilla/4.0 (compatible; MSIE 7.0; Windows NT 6.0; Trident/4.0; DS_desktopsmiley; GTB6; desktopsmiley_1_3_319317514023422_7_285; SLCC1; .NET CLR 2.0.50727; Media Center PC 5.0; .NET CLR 3.5.30729; .NET CLR 3.0.30618)"
24.17.66.85 - - [17/Sep/2009:14:33:03 -0700] "GET www.unitedhero.com/Scripts/AC_RunActiveContent.js HTTP/1.1" 304 - "http://www.unitedhero.com/" "Mozilla/4.0 (compatible; MSIE 7.0; Windows NT 6.0; Trident/4.0; DS_desktopsmiley; GTB6; desktopsmiley_1_3_319317514023422_7_285; SLCC1; .NET CLR 2.0.50727; Media Center PC 5.0; .NET CLR 3.5.30729; .NET CLR 3.0.30618)"
24.17.66.85 - - [17/Sep/2009:14:33:03 -0700] "GET www.unitedhero.com/images/background.png HTTP/1.1" 304 - "http://www.unitedhero.com/" "Mozilla/4.0 (compatible; MSIE 7.0; Windows NT 6.0; Trident/4.0; DS_desktopsmiley; GTB6; desktopsmiley_1_3_319317514023422_7_285; SLCC1; .NET CLR 2.0.50727; Media Center PC 5.0; .NET CLR 3.5.30729; .NET CLR 3.0.30618)"
24.17.66.85 - - [17/Sep/2009:14:33:03 -0700] "GET www.unitedhero.com/images/logo.png HTTP/1.1" 304 - "http://www.unitedhero.com/" "Mozilla/4.0 (compatible; MSIE 7.0; Windows NT 6.0; Trident/4.0; DS_desktopsmiley; GTB6; desktopsmiley_1_3_319317514023422_7_285; SLCC1; .NET CLR 2.0.50727; Media Center PC 5.0; .NET CLR 3.5.30729; .NET CLR 3.0.30618)"
24.17.66.85 - - [17/Sep/2009:14:33:03 -0700] "GET www.unitedhero.com/images/content_background.png HTTP/1.1" 304 - "http://www.unitedhero.com/" "Mozilla/4.0 (compatible; MSIE 7.0; Windows NT 6.0; Trident/4.0; DS_desktopsmiley; GTB6; desktopsmiley_1_3_319317514023422_7_285; SLCC1; .NET CLR 2.0.50727; Media Center PC 5.0; .NET CLR 3.5.30729; .NET CLR 3.0.30618)"
24.17.66.85 - - [17/Sep/2009:14:33:03 -0700] "GET www.unitedhero.com/images/photo/background7.jpg HTTP/1.1" 304 - "http://www.unitedhero.com/" "Mozilla/4.0 (compatible; MSIE 7.0; Windows NT 6.0; Trident/4.0; DS_desktopsmiley; GTB6; desktopsmiley_1_3_319317514023422_7_285; SLCC1; .NET CLR 2.0.50727; Media Center PC 5.0; .NET CLR 3.5.30729; .NET CLR 3.0.30618)"
24.17.66.85 - - [17/Sep/2009:14:33:03 -0700] "GET www.unitedhero.com/images/photo/background2.jpg HTTP/1.1" 304 - "http://www.unitedhero.com/" "Mozilla/4.0 (compatible; MSIE 7.0; Windows NT 6.0; Trident/4.0; DS_desktopsmiley; GTB6; desktopsmiley_1_3_319317514023422_7_285; SLCC1; .NET CLR 2.0.50727; Media Center PC 5.0; .NET CLR 3.5.30729; .NET CLR 3.0.30618)"
98.226.138.75 - - [17/Sep/2009:14:46:13 -0700] "GET www.unitedhero.com/ HTTP/1.1" 200 5335 "-" "Mozilla/4.0 (compatible; MSIE 7.0; Windows NT 6.0; GTB5; FunWebProducts; SLCC1; .NET CLR 2.0.50727; .NET CLR 3.5.30729; .NET CLR 3.0.30618)"
98.226.138.75 - - [17/Sep/2009:14:46:15 -0700] "GET www.unitedhero.com/styles/main.css HTTP/1.1" 304 - "http://www.unitedhero.com/" "Mozilla/4.0 (compatible; MSIE 7.0; Windows NT 6.0; GTB5; FunWebProducts; SLCC1; .NET CLR 2.0.50727; .NET CLR 3.5.30729; .NET CLR 3.0.30618)"
98.226.138.75 - - [17/Sep/2009:14:46:15 -0700] "GET www.unitedhero.com/Scripts/AC_RunActiveContent.js HTTP/1.1" 304 - "http://www.unitedhero.com/" "Mozilla/4.0 (compatible; MSIE 7.0; Windows NT 6.0; GTB5; FunWebProducts; SLCC1; .NET CLR 2.0.50727; .NET CLR 3.5.30729; .NET CLR 3.0.30618)"
98.226.138.75 - - [17/Sep/2009:14:46:16 -0700] "GET www.unitedhero.com/images/background.png HTTP/1.1" 304 - "http://www.unitedhero.com/" "Mozilla/4.0 (compatible; MSIE 7.0; Windows NT 6.0; GTB5; FunWebProducts; SLCC1; .NET CLR 2.0.50727; .NET CLR 3.5.30729; .NET CLR 3.0.30618)"
98.226.138.75 - - [17/Sep/2009:14:46:17 -0700] "GET www.unitedhero.com/images/logo.png HTTP/1.1" 304 - "http://www.unitedhero.com/" "Mozilla/4.0 (compatible; MSIE 7.0; Windows NT 6.0; GTB5; FunWebProducts; SLCC1; .NET CLR 2.0.50727; .NET CLR 3.5.30729; .NET CLR 3.0.30618)"
98.226.138.75 - - [17/Sep/2009:14:46:17 -0700] "GET www.unitedhero.com/images/photo/background7.jpg HTTP/1.1" 304 - "http://www.unitedhero.com/" "Mozilla/4.0 (compatible; MSIE 7.0; Windows NT 6.0; GTB5; FunWebProducts; SLCC1; .NET CLR 2.0.50727; .NET CLR 3.5.30729; .NET CLR 3.0.30618)"
98.226.138.75 - - [17/Sep/2009:14:46:17 -0700] "GET www.unitedhero.com/images/content_background.png HTTP/1.1" 304 - "http://www.unitedhero.com/" "Mozilla/4.0 (compatible; MSIE 7.0; Windows NT 6.0; GTB5; FunWebProducts; SLCC1; .NET CLR 2.0.50727; .NET CLR 3.5.30729; .NET CLR 3.0.30618)"
98.226.138.75 - - [17/Sep/2009:14:46:17 -0700] "GET www.unitedhero.com/images/photo/background6.jpg HTTP/1.1" 200 122304 "http://www.unitedhero.com/" "Mozilla/4.0 (compatible; MSIE 7.0; Windows NT 6.0; GTB5; FunWebProducts; SLCC1; .NET CLR 2.0.50727; .NET CLR 3.5.30729; .NET CLR 3.0.30618)"
206.53.157.195 - - [17/Sep/2009:14:58:07 -0700] "GET www.unitedhero.com/ HTTP/1.0" 200 5288 "-" "BlackBerry8330/4.5.0.77 Profile/MIDP-2.0 Configuration/CLDC-1.1 VendorID/105"
206.53.157.195 - - [17/Sep/2009:14:58:08 -0700] "GET www.unitedhero.com/favicon.ico HTTP/1.0" 404 - "http://www.unitedhero.com/" "BlackBerry8330/4.5.0.77 Profile/MIDP-2.0 Configuration/CLDC-1.1 VendorID/105"
206.53.157.195 - - [17/Sep/2009:14:58:08 -0700] "GET www.unitedhero.com/favicon.ico HTTP/1.0" 404 - "http://www.unitedhero.com/" "BlackBerry8330/4.5.0.77 Profile/MIDP-2.0 Configuration/CLDC-1.1 VendorID/105"
150.70.84.173 - - [17/Sep/2009:15:01:52 -0700] "GET www.unitedhero.com/ HTTP/1.0" 200 5288 "-" "Mozilla/4.0 (compatible; MSIE 6.0; Windows NT 5.1)"
207.108.210.242 - - [17/Sep/2009:15:14:55 -0700] "GET unitedhero.com/ HTTP/1.1" 200 5308 "-" "Mozilla/4.0 (compatible; MSIE 6.0; Windows NT 5.0)"
207.108.210.242 - - [17/Sep/2009:15:14:56 -0700] "GET unitedhero.com/ HTTP/1.1" 200 5307 "-" "Mozilla/4.0 (compatible; MSIE 6.0; Windows NT 5.0)"
207.108.210.242 - - [17/Sep/2009:15:14:56 -0700] "GET unitedhero.com/styles/main.css HTTP/1.1" 304 - "http://unitedhero.com/" "Mozilla/4.0 (compatible; MSIE 6.0; Windows NT 5.0)"
207.108.210.242 - - [17/Sep/2009:15:14:56 -0700] "GET unitedhero.com/Scripts/AC_RunActiveContent.js HTTP/1.1" 304 - "http://unitedhero.com/" "Mozilla/4.0 (compatible; MSIE 6.0; Windows NT 5.0)"
207.108.210.242 - - [17/Sep/2009:15:14:56 -0700] "GET unitedhero.com/images/photo/background3.jpg HTTP/1.1" 304 - "http://unitedhero.com/" "Mozilla/4.0 (compatible; MSIE 6.0; Windows NT 5.0)"
207.108.210.242 - - [17/Sep/2009:15:15:18 -0700] "GET www.unitedhero.com/results.html?cx=partner-pub-5659244258872257%3Afo5fb4vyxq7&cof=FORID%3A10&ie=ISO-8859-1&q=silent+air HTTP/1.1" 200 2322 "http://unitedhero.com/" "Mozilla/4.0 (compatible; MSIE 6.0; Windows NT 5.0)"
207.108.210.242 - - [17/Sep/2009:15:15:18 -0700] "GET unitedhero.com/ HTTP/1.1" 200 5308 "-" "Mozilla/4.0 (compatible; MSIE 6.0; Windows NT 5.0)"
207.108.210.242 - - [17/Sep/2009:15:15:19 -0700] "GET www.unitedhero.com/styles/results.css HTTP/1.1" 304 - "http://www.unitedhero.com/results.html?cx=partner-pub-5659244258872257%3Afo5fb4vyxq7&cof=FORID%3A10&ie=ISO-8859-1&q=silent+air" "Mozilla/4.0 (compatible; MSIE 6.0; Windows NT 5.0)"
207.108.210.242 - - [17/Sep/2009:15:15:20 -0700] "GET www.unitedhero.com/ HTTP/1.1" 200 5308 "-" "Mozilla/4.0 (compatible; MSIE 6.0; Windows NT 5.0)"
207.108.210.242 - - [17/Sep/2009:15:15:20 -0700] "GET www.unitedhero.com/styles/main.css HTTP/1.1" 304 - "http://www.unitedhero.com/" "Mozilla/4.0 (compatible; MSIE 6.0; Windows NT 5.0)"
207.108.210.242 - - [17/Sep/2009:15:15:20 -0700] "GET www.unitedhero.com/Scripts/AC_RunActiveContent.js HTTP/1.1" 304 - "http://www.unitedhero.com/" "Mozilla/4.0 (compatible; MSIE 6.0; Windows NT 5.0)"
207.108.210.242 - - [17/Sep/2009:15:15:27 -0700] "GET www.unitedhero.com/ HTTP/1.1" 200 5307 "-" "Mozilla/4.0 (compatible; MSIE 6.0; Windows NT 5.0)"
207.108.210.242 - - [17/Sep/2009:15:15:28 -0700] "GET www.unitedhero.com/Scripts/AC_RunActiveContent.js HTTP/1.1" 304 - "http://www.unitedhero.com/" "Mozilla/4.0 (compatible; MSIE 6.0; Windows NT 5.0)"
98.226.138.75 - - [17/Sep/2009:15:31:56 -0700] "GET www.unitedhero.com/ HTTP/1.1" 200 5440 "-" "Mozilla/4.0 (compatible; MSIE 7.0; Windows NT 6.0; GTB5; FunWebProducts; SLCC1; .NET CLR 2.0.50727; .NET CLR 3.5.30729; .NET CLR 3.0.30618)"
98.226.138.75 - - [17/Sep/2009:15:31:57 -0700] "GET www.unitedhero.com/styles/main.css HTTP/1.1" 304 - "http://www.unitedhero.com/" "Mozilla/4.0 (compatible; MSIE 7.0; Windows NT 6.0; GTB5; FunWebProducts; SLCC1; .NET CLR 2.0.50727; .NET CLR 3.5.30729; .NET CLR 3.0.30618)"
98.226.138.75 - - [17/Sep/2009:15:31:57 -0700] "GET www.unitedhero.com/Scripts/AC_RunActiveContent.js HTTP/1.1" 304 - "http://www.unitedhero.com/" "Mozilla/4.0 (compatible; MSIE 7.0; Windows NT 6.0; GTB5; FunWebProducts; SLCC1; .NET CLR 2.0.50727; .NET CLR 3.5.30729; .NET CLR 3.0.30618)"
98.226.138.75 - - [17/Sep/2009:15:31:58 -0700] "GET www.unitedhero.com/images/background.png HTTP/1.1" 304 - "http://www.unitedhero.com/" "Mozilla/4.0 (compatible; MSIE 7.0; Windows NT 6.0; GTB5; FunWebProducts; SLCC1; .NET CLR 2.0.50727; .NET CLR 3.5.30729; .NET CLR 3.0.30618)"
98.226.138.75 - - [17/Sep/2009:15:31:58 -0700] "GET www.unitedhero.com/images/photo/background7.jpg HTTP/1.1" 304 - "http://www.unitedhero.com/" "Mozilla/4.0 (compatible; MSIE 7.0; Windows NT 6.0; GTB5; FunWebProducts; SLCC1; .NET CLR 2.0.50727; .NET CLR 3.5.30729; .NET CLR 3.0.30618)"
98.226.138.75 - - [17/Sep/2009:15:31:58 -0700] "GET www.unitedhero.com/images/logo.png HTTP/1.1" 304 - "http://www.unitedhero.com/" "Mozilla/4.0 (compatible; MSIE 7.0; Windows NT 6.0; GTB5; FunWebProducts; SLCC1; .NET CLR 2.0.50727; .NET CLR 3.5.30729; .NET CLR 3.0.30618)"
98.226.138.75 - - [17/Sep/2009:15:31:58 -0700] "GET www.unitedhero.com/images/content_background.png HTTP/1.1" 304 - "http://www.unitedhero.com/" "Mozilla/4.0 (compatible; MSIE 7.0; Windows NT 6.0; GTB5; FunWebProducts; SLCC1; .NET CLR 2.0.50727; .NET CLR 3.5.30729; .NET CLR 3.0.30618)"
24.253.92.202 - - [17/Sep/2009:15:47:32 -0700] "GET unitedhero.com/ HTTP/1.1" 200 5440 "-" "Mozilla/5.0 (Macintosh; U; Intel Mac OS X 10_4_11; en) AppleWebKit/531.9 (KHTML, like Gecko) Version/4.0.3 Safari/531.9"
24.253.92.202 - - [17/Sep/2009:15:47:33 -0700] "GET unitedhero.com/styles/main.css HTTP/1.1" 304 - "http://unitedhero.com/" "Mozilla/5.0 (Macintosh; U; Intel Mac OS X 10_4_11; en) AppleWebKit/531.9 (KHTML, like Gecko) Version/4.0.3 Safari/531.9"
24.253.92.202 - - [17/Sep/2009:15:47:33 -0700] "GET unitedhero.com/images/photo/background11.jpg HTTP/1.1" 304 - "http://unitedhero.com/" "Mozilla/5.0 (Macintosh; U; Intel Mac OS X 10_4_11; en) AppleWebKit/531.9 (KHTML, like Gecko) Version/4.0.3 Safari/531.9"
98.232.13.10 - - [17/Sep/2009:15:56:37 -0700] "GET unitedhero.com/ HTTP/1.1" 200 5301 "-" "Mozilla/5.0 (Macintosh; U; Intel Mac OS X 10_5_5; en-us) AppleWebKit/525.18 (KHTML, like Gecko) Version/3.1.2 Safari/525.20.1"
98.232.13.10 - - [17/Sep/2009:15:56:37 -0700] "GET unitedhero.com/images/photo/background5.jpg HTTP/1.1" 200 135427 "http://unitedhero.com/" "Mozilla/5.0 (Macintosh; U; Intel Mac OS X 10_5_5; en-us) AppleWebKit/525.18 (KHTML, like Gecko) Version/3.1.2 Safari/525.20.1"
206.53.153.153 - - [17/Sep/2009:16:08:44 -0700] "GET www.unitedhero.com/ HTTP/1.0" 200 5288 "-" "BlackBerry9630/4.7.1.40 Profile/MIDP-2.0 Configuration/CLDC-1.1 VendorID/105"
206.53.153.153 - - [17/Sep/2009:16:08:44 -0700] "GET www.unitedhero.com/favicon.ico HTTP/1.0" 404 - "http://www.unitedhero.com/" "BlackBerry9630/4.7.1.40 Profile/MIDP-2.0 Configuration/CLDC-1.1 VendorID/105"
206.53.153.153 - - [17/Sep/2009:16:08:44 -0700] "GET www.unitedhero.com/favicon.ico HTTP/1.0" 404 - "http://www.unitedhero.com/" "BlackBerry9630/4.7.1.40 Profile/MIDP-2.0 Configuration/CLDC-1.1 VendorID/105"
206.53.153.153 - - [17/Sep/2009:16:08:44 -0700] "GET www.unitedhero.com/styles/main.css HTTP/1.0" 200 3651 "http://www.unitedhero.com/" "BlackBerry9630/4.7.1.40 Profile/MIDP-2.0 Configuration/CLDC-1.1 VendorID/105"
206.53.153.153 - - [17/Sep/2009:16:08:44 -0700] "GET www.unitedhero.com/Scripts/AC_RunActiveContent.js HTTP/1.0" 200 8029 "http://www.unitedhero.com/" "BlackBerry9630/4.7.1.40 Profile/MIDP-2.0 Configuration/CLDC-1.1 VendorID/105"
206.53.153.153 - - [17/Sep/2009:16:08:44 -0700] "GET www.unitedhero.com/images/logo.png HTTP/1.0" 200 6989 "http://www.unitedhero.com/" "BlackBerry9630/4.7.1.40 Profile/MIDP-2.0 Configuration/CLDC-1.1 VendorID/105"
206.53.153.153 - - [17/Sep/2009:16:08:55 -0700] "GET www.unitedhero.com/images/photo/background8.jpg HTTP/1.0" 200 112443 "http://www.unitedhero.com/" "BlackBerry9630/4.7.1.40 Profile/MIDP-2.0 Configuration/CLDC-1.1 VendorID/105"
206.53.153.153 - - [17/Sep/2009:16:08:56 -0700] "GET www.unitedhero.com/images/background.png HTTP/1.0" 200 611 "http://www.unitedhero.com/" "BlackBerry9630/4.7.1.40 Profile/MIDP-2.0 Configuration/CLDC-1.1 VendorID/105"
206.53.153.153 - - [17/Sep/2009:16:08:57 -0700] "GET www.unitedhero.com/images/content_background.png HTTP/1.0" 200 13092 "http://www.unitedhero.com/" "BlackBerry9630/4.7.1.40 Profile/MIDP-2.0 Configuration/CLDC-1.1 VendorID/105"
206.53.153.153 - - [17/Sep/2009:16:08:59 -0700] "GET www.unitedhero.com/images/photo/background7.jpg HTTP/1.0" 200 122244 "http://www.unitedhero.com/" "BlackBerry9630/4.7.1.40 Profile/MIDP-2.0 Configuration/CLDC-1.1 VendorID/105"
206.53.157.225 - - [17/Sep/2009:16:12:02 -0700] "GET www.unitedhero.com/images/photo/background5.jpg HTTP/1.0" 200 135427 "http://www.unitedhero.com/" "BlackBerry9630/4.7.1.40 Profile/MIDP-2.0 Configuration/CLDC-1.1 VendorID/105"
98.232.13.10 - - [17/Sep/2009:16:24:49 -0700] "GET www.unitedhero.com/results.html?cx=partner-pub-5659244258872257%3Afo5fb4vyxq7&cof=FORID%3A10&ie=ISO-8859-1&q=are%20nick%20and%20vanessa%20astill%20amazon.com%20couple HTTP/1.1" 200 2322 "-" "Mozilla/5.0 (Macintosh; U; Intel Mac OS X 10_5_5; en-us) AppleWebKit/525.18 (KHTML, like Gecko) Version/3.1.2 Safari/525.20.1"
98.232.13.10 - - [17/Sep/2009:16:24:50 -0700] "GET www.unitedhero.com/favicon.ico HTTP/1.1" 404 - "http://www.unitedhero.com/results.html?cx=partner-pub-5659244258872257%3Afo5fb4vyxq7&cof=FORID%3A10&ie=ISO-8859-1&q=are%20nick%20and%20vanessa%20astill%20amazon.com%20couple" "Mozilla/5.0 (Macintosh; U; Intel Mac OS X 10_5_5; en-us) AppleWebKit/525.18 (KHTML, like Gecko) Version/3.1.2 Safari/525.20.1"
71.227.188.248 - - [17/Sep/2009:16:25:06 -0700] "GET unitedhero.com/ HTTP/1.1" 200 5370 "-" "Mozilla/5.0 (Windows; U; Windows NT 6.0; en-US; rv:1.9.0.14) Gecko/2009082707 Firefox/3.0.14 (.NET CLR 3.5.30729)"
71.227.188.248 - - [17/Sep/2009:16:25:06 -0700] "GET unitedhero.com/images/photo/background1.jpg HTTP/1.1" 200 141724 "http://unitedhero.com/" "Mozilla/5.0 (Windows; U; Windows NT 6.0; en-US; rv:1.9.0.14) Gecko/2009082707 Firefox/3.0.14 (.NET CLR 3.5.30729)"
98.226.138.75 - - [17/Sep/2009:16:27:46 -0700] "GET www.unitedhero.com/ HTTP/1.1" 200 5308 "-" "Mozilla/4.0 (compatible; MSIE 7.0; Windows NT 6.0; GTB5; FunWebProducts; SLCC1; .NET CLR 2.0.50727; .NET CLR 3.5.30729; .NET CLR 3.0.30618)"
98.226.138.75 - - [17/Sep/2009:16:27:47 -0700] "GET www.unitedhero.com/styles/main.css HTTP/1.1" 200 3651 "http://www.unitedhero.com/" "Mozilla/4.0 (compatible; MSIE 7.0; Windows NT 6.0; GTB5; FunWebProducts; SLCC1; .NET CLR 2.0.50727; .NET CLR 3.5.30729; .NET CLR 3.0.30618)"
98.226.138.75 - - [17/Sep/2009:16:27:48 -0700] "GET www.unitedhero.com/Scripts/AC_RunActiveContent.js HTTP/1.1" 200 8029 "http://www.unitedhero.com/" "Mozilla/4.0 (compatible; MSIE 7.0; Windows NT 6.0; GTB5; FunWebProducts; SLCC1; .NET CLR 2.0.50727; .NET CLR 3.5.30729; .NET CLR 3.0.30618)"
98.226.138.75 - - [17/Sep/2009:16:27:48 -0700] "GET www.unitedhero.com/images/background.png HTTP/1.1" 200 611 "http://www.unitedhero.com/" "Mozilla/4.0 (compatible; MSIE 7.0; Windows NT 6.0; GTB5; FunWebProducts; SLCC1; .NET CLR 2.0.50727; .NET CLR 3.5.30729; .NET CLR 3.0.30618)"
98.226.138.75 - - [17/Sep/2009:16:27:48 -0700] "GET www.unitedhero.com/images/logo.png HTTP/1.1" 200 6989 "http://www.unitedhero.com/" "Mozilla/4.0 (compatible; MSIE 7.0; Windows NT 6.0; GTB5; FunWebProducts; SLCC1; .NET CLR 2.0.50727; .NET CLR 3.5.30729; .NET CLR 3.0.30618)"
98.226.138.75 - - [17/Sep/2009:16:27:49 -0700] "GET www.unitedhero.com/images/photo/background1.jpg HTTP/1.1" 200 141724 "http://www.unitedhero.com/" "Mozilla/4.0 (compatible; MSIE 7.0; Windows NT 6.0; GTB5; FunWebProducts; SLCC1; .NET CLR 2.0.50727; .NET CLR 3.5.30729; .NET CLR 3.0.30618)"
98.226.138.75 - - [17/Sep/2009:16:27:49 -0700] "GET www.unitedhero.com/images/photo/background7.jpg HTTP/1.1" 200 122244 "http://www.unitedhero.com/" "Mozilla/4.0 (compatible; MSIE 7.0; Windows NT 6.0; GTB5; FunWebProducts; SLCC1; .NET CLR 2.0.50727; .NET CLR 3.5.30729; .NET CLR 3.0.30618)"
98.226.138.75 - - [17/Sep/2009:16:27:50 -0700] "GET www.unitedhero.com/images/content_background.png HTTP/1.1" 200 13092 "http://www.unitedhero.com/" "Mozilla/4.0 (compatible; MSIE 7.0; Windows NT 6.0; GTB5; FunWebProducts; SLCC1; .NET CLR 2.0.50727; .NET CLR 3.5.30729; .NET CLR 3.0.30618)"
98.232.13.10 - - [17/Sep/2009:16:28:02 -0700] "GET www.unitedhero.com/results.html?cx=partner-pub-5659244258872257%3Afo5fb4vyxq7&cof=FORID%3A10&ie=ISO-8859-1&q=are%20nick%20and%20vanessa%20astill%20amazon.com%20couple HTTP/1.1" 200 2322 "-" "Mozilla/5.0 (Macintosh; U; Intel Mac OS X 10_5_5; en-us) AppleWebKit/525.18 (KHTML, like Gecko) Version/3.1.2 Safari/525.20.1"
98.232.13.10 - - [17/Sep/2009:16:28:08 -0700] "GET www.unitedhero.com/results.html?cx=partner-pub-5659244258872257%3Afo5fb4vyxq7&cof=FORID%3A10&ie=ISO-8859-1&q=go+daddy&sa=Search HTTP/1.1" 200 2322 "http://www.unitedhero.com/results.html?cx=partner-pub-5659244258872257%3Afo5fb4vyxq7&cof=FORID%3A10&ie=ISO-8859-1&q=are%20nick%20and%20vanessa%20astill%20amazon.com%20couple" "Mozilla/5.0 (Macintosh; U; Intel Mac OS X 10_5_5; en-us) AppleWebKit/525.18 (KHTML, like Gecko) Version/3.1.2 Safari/525.20.1"
98.232.13.10 - - [17/Sep/2009:16:41:05 -0700] "GET www.unitedhero.com/ HTTP/1.1" 200 5440 "http://www.unitedhero.com/" "Mozilla/4.0 (compatible; MSIE 7.0; Windows NT 6.0; WOW64; SLCC1; .NET CLR 2.0.50727; Media Center PC 5.0; .NET CLR 3.5.30729; .NET CLR 3.0.30618)"
98.232.13.10 - - [17/Sep/2009:16:41:06 -0700] "GET www.unitedhero.com/styles/main.css HTTP/1.1" 304 - "http://www.unitedhero.com/" "Mozilla/4.0 (compatible; MSIE 7.0; Windows NT 6.0; WOW64; SLCC1; .NET CLR 2.0.50727; Media Center PC 5.0; .NET CLR 3.5.30729; .NET CLR 3.0.30618)"
98.232.13.10 - - [17/Sep/2009:16:41:06 -0700] "GET www.unitedhero.com/Scripts/AC_RunActiveContent.js HTTP/1.1" 304 - "http://www.unitedhero.com/" "Mozilla/4.0 (compatible; MSIE 7.0; Windows NT 6.0; WOW64; SLCC1; .NET CLR 2.0.50727; Media Center PC 5.0; .NET CLR 3.5.30729; .NET CLR 3.0.30618)"
98.232.13.10 - - [17/Sep/2009:16:41:06 -0700] "GET www.unitedhero.com/images/logo.png HTTP/1.1" 304 - "http://www.unitedhero.com/" "Mozilla/4.0 (compatible; MSIE 7.0; Windows NT 6.0; WOW64; SLCC1; .NET CLR 2.0.50727; Media Center PC 5.0; .NET CLR 3.5.30729; .NET CLR 3.0.30618)"
98.232.13.10 - - [17/Sep/2009:16:41:06 -0700] "GET www.unitedhero.com/images/background.png HTTP/1.1" 304 - "http://www.unitedhero.com/" "Mozilla/4.0 (compatible; MSIE 7.0; Windows NT 6.0; WOW64; SLCC1; .NET CLR 2.0.50727; Media Center PC 5.0; .NET CLR 3.5.30729; .NET CLR 3.0.30618)"
98.232.13.10 - - [17/Sep/2009:16:41:07 -0700] "GET www.unitedhero.com/images/photo/background7.jpg HTTP/1.1" 304 - "http://www.unitedhero.com/" "Mozilla/4.0 (compatible; MSIE 7.0; Windows NT 6.0; WOW64; SLCC1; .NET CLR 2.0.50727; Media Center PC 5.0; .NET CLR 3.5.30729; .NET CLR 3.0.30618)"
98.232.13.10 - - [17/Sep/2009:16:41:07 -0700] "GET www.unitedhero.com/images/content_background.png HTTP/1.1" 304 - "http://www.unitedhero.com/" "Mozilla/4.0 (compatible; MSIE 7.0; Windows NT 6.0; WOW64; SLCC1; .NET CLR 2.0.50727; Media Center PC 5.0; .NET CLR 3.5.30729; .NET CLR 3.0.30618)"
98.232.13.10 - - [17/Sep/2009:16:41:07 -0700] "GET www.unitedhero.com/images/photo/background2.jpg HTTP/1.1" 200 180433 "http://www.unitedhero.com/" "Mozilla/4.0 (compatible; MSIE 7.0; Windows NT 6.0; WOW64; SLCC1; .NET CLR 2.0.50727; Media Center PC 5.0; .NET CLR 3.5.30729; .NET CLR 3.0.30618)"
98.232.13.10 - - [17/Sep/2009:16:41:29 -0700] "GET www.unitedhero.com/results.html?cx=partner-pub-5659244258872257%3Afo5fb4vyxq7&cof=FORID%3A10&ie=ISO-8859-1&q=tool+bar HTTP/1.1" 200 2322 "http://www.unitedhero.com/" "Mozilla/4.0 (compatible; MSIE 7.0; Windows NT 6.0; WOW64; SLCC1; .NET CLR 2.0.50727; Media Center PC 5.0; .NET CLR 3.5.30729; .NET CLR 3.0.30618)"
98.232.13.10 - - [17/Sep/2009:16:41:30 -0700] "GET www.unitedhero.com/styles/results.css HTTP/1.1" 304 - "http://www.unitedhero.com/results.html?cx=partner-pub-5659244258872257%3Afo5fb4vyxq7&cof=FORID%3A10&ie=ISO-8859-1&q=tool+bar" "Mozilla/4.0 (compatible; MSIE 7.0; Windows NT 6.0; WOW64; SLCC1; .NET CLR 2.0.50727; Media Center PC 5.0; .NET CLR 3.5.30729; .NET CLR 3.0.30618)"
98.232.13.10 - - [17/Sep/2009:16:41:30 -0700] "GET www.unitedhero.com/images/logo3.png HTTP/1.1" 304 - "http://www.unitedhero.com/results.html?cx=partner-pub-5659244258872257%3Afo5fb4vyxq7&cof=FORID%3A10&ie=ISO-8859-1&q=tool+bar" "Mozilla/4.0 (compatible; MSIE 7.0; Windows NT 6.0; WOW64; SLCC1; .NET CLR 2.0.50727; Media Center PC 5.0; .NET CLR 3.5.30729; .NET CLR 3.0.30618)"
24.18.174.168 - - [17/Sep/2009:16:43:54 -0700] "GET unitedhero.com/ HTTP/1.1" 200 5440 "-" "Mozilla/5.0 (Windows; U; Windows NT 5.1; en-US; rv:1.9.0.14) Gecko/2009082707 Firefox/3.0.14"
24.18.174.168 - - [17/Sep/2009:16:44:00 -0700] "GET unitedhero.com/images/photo/background4.jpg HTTP/1.1" 200 176562 "http://unitedhero.com/" "Mozilla/5.0 (Windows; U; Windows NT 5.1; en-US; rv:1.9.0.14) Gecko/2009082707 Firefox/3.0.14"
24.18.174.168 - - [17/Sep/2009:16:44:03 -0700] "GET unitedhero.com/favicon.ico HTTP/1.1" 404 - "-" "Mozilla/5.0 (Windows; U; Windows NT 5.1; en-US; rv:1.9.0.14) Gecko/2009082707 Firefox/3.0.14"
24.18.174.168 - - [17/Sep/2009:16:44:18 -0700] "GET unitedhero.com/story.html HTTP/1.1" 200 2380 "http://unitedhero.com/" "Mozilla/5.0 (Windows; U; Windows NT 5.1; en-US; rv:1.9.0.14) Gecko/2009082707 Firefox/3.0.14"
24.18.174.168 - - [17/Sep/2009:16:44:18 -0700] "GET unitedhero.com/images/nandm2.jpg HTTP/1.1" 200 30920 "http://unitedhero.com/story.html" "Mozilla/5.0 (Windows; U; Windows NT 5.1; en-US; rv:1.9.0.14) Gecko/2009082707 Firefox/3.0.14"
24.18.174.168 - - [17/Sep/2009:16:45:09 -0700] "GET unitedhero.com/about.html HTTP/1.1" 200 3031 "http://unitedhero.com/story.html" "Mozilla/5.0 (Windows; U; Windows NT 5.1; en-US; rv:1.9.0.14) Gecko/2009082707 Firefox/3.0.14"
24.18.174.168 - - [17/Sep/2009:16:45:09 -0700] "GET unitedhero.com/images/nandm.jpg HTTP/1.1" 200 32622 "http://unitedhero.com/about.html" "Mozilla/5.0 (Windows; U; Windows NT 5.1; en-US; rv:1.9.0.14) Gecko/2009082707 Firefox/3.0.14"
24.18.174.168 - - [17/Sep/2009:16:47:28 -0700] "GET www.unitedhero.com/results.html?cx=partner-pub-5659244258872257%3Afo5fb4vyxq7&cof=FORID%3A10&ie=ISO-8859-1&q=suit+rental+seattle+washington&sa=Search HTTP/1.1" 200 2322 "http://unitedhero.com/" "Mozilla/5.0 (Windows; U; Windows NT 5.1; en-US; rv:1.9.0.14) Gecko/2009082707 Firefox/3.0.14"
24.18.174.168 - - [17/Sep/2009:16:47:28 -0700] "GET www.unitedhero.com/styles/results.css HTTP/1.1" 200 935 "http://www.unitedhero.com/results.html?cx=partner-pub-5659244258872257%3Afo5fb4vyxq7&cof=FORID%3A10&ie=ISO-8859-1&q=suit+rental+seattle+washington&sa=Search" "Mozilla/5.0 (Windows; U; Windows NT 5.1; en-US; rv:1.9.0.14) Gecko/2009082707 Firefox/3.0.14"
24.18.174.168 - - [17/Sep/2009:16:47:28 -0700] "GET www.unitedhero.com/images/logo3.png HTTP/1.1" 200 5048 "http://www.unitedhero.com/results.html?cx=partner-pub-5659244258872257%3Afo5fb4vyxq7&cof=FORID%3A10&ie=ISO-8859-1&q=suit+rental+seattle+washington&sa=Search" "Mozilla/5.0 (Windows; U; Windows NT 5.1; en-US; rv:1.9.0.14) Gecko/2009082707 Firefox/3.0.14"
24.18.174.168 - - [17/Sep/2009:16:47:32 -0700] "GET www.unitedhero.com/favicon.ico HTTP/1.1" 404 - "-" "Mozilla/5.0 (Windows; U; Windows NT 5.1; en-US; rv:1.9.0.14) Gecko/2009082707 Firefox/3.0.14"
24.253.92.202 - - [17/Sep/2009:16:47:51 -0700] "GET unitedhero.com/ HTTP/1.1" 200 5301 "-" "Mozilla/5.0 (Macintosh; U; Intel Mac OS X 10_4_11; en) AppleWebKit/531.9 (KHTML, like Gecko) Version/4.0.3 Safari/531.9"
24.253.92.202 - - [17/Sep/2009:16:47:51 -0700] "GET unitedhero.com/styles/main.css HTTP/1.1" 304 - "http://unitedhero.com/" "Mozilla/5.0 (Macintosh; U; Intel Mac OS X 10_4_11; en) AppleWebKit/531.9 (KHTML, like Gecko) Version/4.0.3 Safari/531.9"
24.253.92.202 - - [17/Sep/2009:16:47:52 -0700] "GET unitedhero.com/favicon.ico HTTP/1.1" 404 - "http://unitedhero.com/" "Mozilla/5.0 (Macintosh; U; Intel Mac OS X 10_4_11; en) AppleWebKit/531.9 (KHTML, like Gecko) Version/4.0.3 Safari/531.9"
24.18.174.168 - - [17/Sep/2009:17:05:31 -0700] "GET www.unitedhero.com/results.html?cx=partner-pub-5659244258872257%3Afo5fb4vyxq7&cof=FORID%3A10&ie=ISO-8859-1&q=hat&sa=Search HTTP/1.1" 200 2322 "http://www.unitedhero.com/results.html?cx=partner-pub-5659244258872257%3Afo5fb4vyxq7&cof=FORID%3A10&ie=ISO-8859-1&q=suit+rental+seattle+washington&sa=Search" "Mozilla/5.0 (Windows; U; Windows NT 5.1; en-US; rv:1.9.0.14) Gecko/2009082707 Firefox/3.0.14"
24.18.174.168 - - [17/Sep/2009:17:07:56 -0700] "GET www.unitedhero.com/results.html?cx=partner-pub-5659244258872257%3Afo5fb4vyxq7&cof=FORID%3A10&ie=ISO-8859-1&q=hat HTTP/1.1" 200 2322 "http://search.conduit.com/Search.aspx?ctid=CT2364704&octid=CT2364704&name=United%20Hero&q=hat&SearchSourceOrigin=1" "Mozilla/5.0 (Windows; U; Windows NT 5.1; en-US; rv:1.9.0.14) Gecko/2009082707 Firefox/3.0.14"
24.18.174.168 - - [17/Sep/2009:17:07:57 -0700] "GET www.unitedhero.com/results.html?cx=partner-pub-5659244258872257%3Afo5fb4vyxq7&cof=FORID%3A10&ie=ISO-8859-1&q=hat HTTP/1.1" 200 2322 "http://www.google.com/cse?cx=partner-pub-5659244258872257%3Afo5fb4vyxq7&cof=FORID%3A10&ie=ISO-8859-1&q=hat&ad=w9&num=10&rurl=http%3A%2F%2Fwww.unitedhero.com%2Fresults.html%3Fcx%3Dpartner-pub-5659244258872257%253Afo5fb4vyxq7%26cof%3DFORID%253A10%26ie%3DISO-8859-1%26q%3Dhat" "Mozilla/5.0 (Windows; U; Windows NT 5.1; en-US; rv:1.9.0.14) Gecko/2009082707 Firefox/3.0.14"
98.232.13.10 - - [17/Sep/2009:17:10:15 -0700] "GET unitedhero.com/ HTTP/1.1" 200 5440 "-" "Mozilla/5.0 (Macintosh; U; Intel Mac OS X 10_5_5; en-us) AppleWebKit/525.18 (KHTML, like Gecko) Version/3.1.2 Safari/525.20.1"
98.232.13.10 - - [17/Sep/2009:17:10:16 -0700] "GET unitedhero.com/images/photo/background7.jpg HTTP/1.1" 200 122244 "http://unitedhero.com/" "Mozilla/5.0 (Macintosh; U; Intel Mac OS X 10_5_5; en-us) AppleWebKit/525.18 (KHTML, like Gecko) Version/3.1.2 Safari/525.20.1"
98.232.13.10 - - [17/Sep/2009:17:10:20 -0700] "GET www.unitedhero.com/results.html?cx=partner-pub-5659244258872257%3Afo5fb4vyxq7&cof=FORID%3A10&ie=ISO-8859-1&q=hat&sa=Search HTTP/1.1" 200 2322 "http://unitedhero.com/" "Mozilla/5.0 (Macintosh; U; Intel Mac OS X 10_5_5; en-us) AppleWebKit/525.18 (KHTML, like Gecko) Version/3.1.2 Safari/525.20.1"
71.227.188.248 - - [17/Sep/2009:17:11:24 -0700] "GET www.unitedhero.com/ HTTP/1.1" 200 5308 "-" "Mozilla/5.0 (Windows; U; Windows NT 5.1; en-US; rv:1.9.0.14) Gecko/2009082707 Firefox/3.0.14"
71.227.188.248 - - [17/Sep/2009:17:11:26 -0700] "GET www.unitedhero.com/images/photo/background11.jpg HTTP/1.1" 200 68538 "http://www.unitedhero.com/" "Mozilla/5.0 (Windows; U; Windows NT 5.1; en-US; rv:1.9.0.14) Gecko/2009082707 Firefox/3.0.14"
24.18.174.168 - - [17/Sep/2009:17:12:16 -0700] "GET www.unitedhero.com/results.html?cx=partner-pub-5659244258872257%3Afo5fb4vyxq7&cof=FORID%3A10&ie=ISO-8859-1&q=hat HTTP/1.1" 200 2322 "http://www.google.com/cse?cx=partner-pub-5659244258872257%3Afo5fb4vyxq7&cof=FORID%3A10&ie=ISO-8859-1&q=hat&ad=w9&num=10&rurl=http%3A%2F%2Fwww.unitedhero.com%2Fresults.html%3Fcx%3Dpartner-pub-5659244258872257%253Afo5fb4vyxq7%26cof%3DFORID%253A10%26ie%3DISO-8859-1%26q%3Dhat" "Mozilla/5.0 (Windows; U; Windows NT 5.1; en-US; rv:1.9.0.14) Gecko/2009082707 Firefox/3.0.14"
24.18.174.168 - - [17/Sep/2009:17:12:19 -0700] "GET www.unitedhero.com/results.html?cx=partner-pub-5659244258872257%3Afo5fb4vyxq7&cof=FORID%3A10&ie=ISO-8859-1&q=hat HTTP/1.1" 200 2322 "http://www.google.com/cse?cx=partner-pub-5659244258872257%3Afo5fb4vyxq7&cof=FORID%3A10&ie=ISO-8859-1&q=hat&ad=w9&num=10&rurl=http%3A%2F%2Fwww.unitedhero.com%2Fresults.html%3Fcx%3Dpartner-pub-5659244258872257%253Afo5fb4vyxq7%26cof%3DFORID%253A10%26ie%3DISO-8859-1%26q%3Dhat" "Mozilla/5.0 (Windows; U; Windows NT 5.1; en-US; rv:1.9.0.14) Gecko/2009082707 Firefox/3.0.14"
24.18.174.168 - - [17/Sep/2009:17:13:02 -0700] "GET unitedhero.com/ HTTP/1.1" 200 5301 "-" "Mozilla/5.0 (Windows; U; Windows NT 5.1; en-US; rv:1.9.0.14) Gecko/2009082707 Firefox/3.0.14"
24.18.174.168 - - [17/Sep/2009:17:13:10 -0700] "GET www.unitedhero.com/results.html?cx=partner-pub-5659244258872257%3Afo5fb4vyxq7&cof=FORID%3A10&ie=ISO-8859-1&q=hat&sa=Search HTTP/1.1" 200 2322 "http://unitedhero.com/" "Mozilla/5.0 (Windows; U; Windows NT 5.1; en-US; rv:1.9.0.14) Gecko/2009082707 Firefox/3.0.14"
98.232.13.10 - - [17/Sep/2009:17:13:32 -0700] "GET unitedhero.com/ HTTP/1.1" 200 5440 "-" "Mozilla/5.0 (Macintosh; U; Intel Mac OS X 10_5_5; en-us) AppleWebKit/525.18 (KHTML, like Gecko) Version/3.1.2 Safari/525.20.1"
98.232.13.10 - - [17/Sep/2009:17:13:37 -0700] "GET www.unitedhero.com/results.html?cx=partner-pub-5659244258872257%3Afo5fb4vyxq7&cof=FORID%3A10&ie=ISO-8859-1&q=hat&sa=Search HTTP/1.1" 200 2322 "http://unitedhero.com/" "Mozilla/5.0 (Macintosh; U; Intel Mac OS X 10_5_5; en-us) AppleWebKit/525.18 (KHTML, like Gecko) Version/3.1.2 Safari/525.20.1"
98.226.138.75 - - [17/Sep/2009:17:21:16 -0700] "GET www.unitedhero.com/ HTTP/1.1" 200 5301 "-" "Mozilla/4.0 (compatible; MSIE 7.0; Windows NT 6.0; GTB5; FunWebProducts; SLCC1; .NET CLR 2.0.50727; .NET CLR 3.5.30729; .NET CLR 3.0.30618)"
98.226.138.75 - - [17/Sep/2009:17:21:17 -0700] "GET www.unitedhero.com/styles/main.css HTTP/1.1" 304 - "http://www.unitedhero.com/" "Mozilla/4.0 (compatible; MSIE 7.0; Windows NT 6.0; GTB5; FunWebProducts; SLCC1; .NET CLR 2.0.50727; .NET CLR 3.5.30729; .NET CLR 3.0.30618)"
98.226.138.75 - - [17/Sep/2009:17:21:17 -0700] "GET www.unitedhero.com/Scripts/AC_RunActiveContent.js HTTP/1.1" 304 - "http://www.unitedhero.com/" "Mozilla/4.0 (compatible; MSIE 7.0; Windows NT 6.0; GTB5; FunWebProducts; SLCC1; .NET CLR 2.0.50727; .NET CLR 3.5.30729; .NET CLR 3.0.30618)"
98.226.138.75 - - [17/Sep/2009:17:21:17 -0700] "GET www.unitedhero.com/images/background.png HTTP/1.1" 304 - "http://www.unitedhero.com/" "Mozilla/4.0 (compatible; MSIE 7.0; Windows NT 6.0; GTB5; FunWebProducts; SLCC1; .NET CLR 2.0.50727; .NET CLR 3.5.30729; .NET CLR 3.0.30618)"
98.226.138.75 - - [17/Sep/2009:17:21:18 -0700] "GET www.unitedhero.com/images/logo.png HTTP/1.1" 304 - "http://www.unitedhero.com/" "Mozilla/4.0 (compatible; MSIE 7.0; Windows NT 6.0; GTB5; FunWebProducts; SLCC1; .NET CLR 2.0.50727; .NET CLR 3.5.30729; .NET CLR 3.0.30618)"
98.226.138.75 - - [17/Sep/2009:17:21:18 -0700] "GET www.unitedhero.com/images/photo/background7.jpg HTTP/1.1" 304 - "http://www.unitedhero.com/" "Mozilla/4.0 (compatible; MSIE 7.0; Windows NT 6.0; GTB5; FunWebProducts; SLCC1; .NET CLR 2.0.50727; .NET CLR 3.5.30729; .NET CLR 3.0.30618)"
98.226.138.75 - - [17/Sep/2009:17:21:18 -0700] "GET www.unitedhero.com/images/content_background.png HTTP/1.1" 304 - "http://www.unitedhero.com/" "Mozilla/4.0 (compatible; MSIE 7.0; Windows NT 6.0; GTB5; FunWebProducts; SLCC1; .NET CLR 2.0.50727; .NET CLR 3.5.30729; .NET CLR 3.0.30618)"
98.226.138.75 - - [17/Sep/2009:17:21:18 -0700] "GET www.unitedhero.com/images/photo/background9.jpg HTTP/1.1" 200 167111 "http://www.unitedhero.com/" "Mozilla/4.0 (compatible; MSIE 7.0; Windows NT 6.0; GTB5; FunWebProducts; SLCC1; .NET CLR 2.0.50727; .NET CLR 3.5.30729; .NET CLR 3.0.30618)"
24.18.174.168 - - [17/Sep/2009:17:25:50 -0700] "GET www.unitedhero.com/results.html?cx=partner-pub-5659244258872257%3Afo5fb4vyxq7&cof=FORID%3A10&ie=ISO-8859-1&q=jayz&sa=Search HTTP/1.1" 200 2322 "http://www.unitedhero.com/results.html?cx=partner-pub-5659244258872257%3Afo5fb4vyxq7&cof=FORID%3A10&ie=ISO-8859-1&q=hat&sa=Search" "Mozilla/5.0 (Windows; U; Windows NT 5.1; en-US; rv:1.9.0.14) Gecko/2009082707 Firefox/3.0.14"
98.226.138.75 - - [17/Sep/2009:17:26:18 -0700] "GET www.unitedhero.com/ HTTP/1.1" 200 5440 "-" "Mozilla/4.0 (compatible; MSIE 7.0; Windows NT 6.0; GTB5; FunWebProducts; SLCC1; .NET CLR 2.0.50727; .NET CLR 3.5.30729; .NET CLR 3.0.30618)"
98.226.138.75 - - [17/Sep/2009:17:26:19 -0700] "GET www.unitedhero.com/styles/main.css HTTP/1.1" 304 - "http://www.unitedhero.com/" "Mozilla/4.0 (compatible; MSIE 7.0; Windows NT 6.0; GTB5; FunWebProducts; SLCC1; .NET CLR 2.0.50727; .NET CLR 3.5.30729; .NET CLR 3.0.30618)"
98.226.138.75 - - [17/Sep/2009:17:26:19 -0700] "GET www.unitedhero.com/Scripts/AC_RunActiveContent.js HTTP/1.1" 304 - "http://www.unitedhero.com/" "Mozilla/4.0 (compatible; MSIE 7.0; Windows NT 6.0; GTB5; FunWebProducts; SLCC1; .NET CLR 2.0.50727; .NET CLR 3.5.30729; .NET CLR 3.0.30618)"
98.226.138.75 - - [17/Sep/2009:17:26:20 -0700] "GET www.unitedhero.com/images/background.png HTTP/1.1" 304 - "http://www.unitedhero.com/" "Mozilla/4.0 (compatible; MSIE 7.0; Windows NT 6.0; GTB5; FunWebProducts; SLCC1; .NET CLR 2.0.50727; .NET CLR 3.5.30729; .NET CLR 3.0.30618)"
98.226.138.75 - - [17/Sep/2009:17:26:20 -0700] "GET www.unitedhero.com/images/logo.png HTTP/1.1" 304 - "http://www.unitedhero.com/" "Mozilla/4.0 (compatible; MSIE 7.0; Windows NT 6.0; GTB5; FunWebProducts; SLCC1; .NET CLR 2.0.50727; .NET CLR 3.5.30729; .NET CLR 3.0.30618)"
98.226.138.75 - - [17/Sep/2009:17:26:20 -0700] "GET www.unitedhero.com/images/photo/background7.jpg HTTP/1.1" 304 - "http://www.unitedhero.com/" "Mozilla/4.0 (compatible; MSIE 7.0; Windows NT 6.0; GTB5; FunWebProducts; SLCC1; .NET CLR 2.0.50727; .NET CLR 3.5.30729; .NET CLR 3.0.30618)"
98.226.138.75 - - [17/Sep/2009:17:26:20 -0700] "GET www.unitedhero.com/images/content_background.png HTTP/1.1" 304 - "http://www.unitedhero.com/" "Mozilla/4.0 (compatible; MSIE 7.0; Windows NT 6.0; GTB5; FunWebProducts; SLCC1; .NET CLR 2.0.50727; .NET CLR 3.5.30729; .NET CLR 3.0.30618)"
98.226.138.75 - - [17/Sep/2009:17:26:21 -0700] "GET www.unitedhero.com/images/photo/background4.jpg HTTP/1.1" 200 176562 "http://www.unitedhero.com/" "Mozilla/4.0 (compatible; MSIE 7.0; Windows NT 6.0; GTB5; FunWebProducts; SLCC1; .NET CLR 2.0.50727; .NET CLR 3.5.30729; .NET CLR 3.0.30618)"
98.232.13.10 - - [17/Sep/2009:17:27:38 -0700] "GET unitedhero.com/ HTTP/1.1" 200 5301 "-" "Mozilla/5.0 (Macintosh; U; Intel Mac OS X 10_5_5; en-us) AppleWebKit/525.18 (KHTML, like Gecko) Version/3.1.2 Safari/525.20.1"
98.232.13.10 - - [17/Sep/2009:17:27:43 -0700] "GET www.unitedhero.com/results.html?cx=partner-pub-5659244258872257%3Afo5fb4vyxq7&cof=FORID%3A10&ie=ISO-8859-1&q=jay+z&sa=Search HTTP/1.1" 200 2322 "http://unitedhero.com/" "Mozilla/5.0 (Macintosh; U; Intel Mac OS X 10_5_5; en-us) AppleWebKit/525.18 (KHTML, like Gecko) Version/3.1.2 Safari/525.20.1"
24.17.66.85 - - [17/Sep/2009:17:32:50 -0700] "GET www.unitedhero.com/ HTTP/1.1" 200 5335 "-" "Mozilla/4.0 (compatible; MSIE 7.0; Windows NT 6.0; Trident/4.0; DS_desktopsmiley; GTB6; desktopsmiley_1_3_319317514023422_7_285; SLCC1; .NET CLR 2.0.50727; Media Center PC 5.0; .NET CLR 3.5.30729; .NET CLR 3.0.30618)"
24.17.66.85 - - [17/Sep/2009:17:33:06 -0700] "GET www.unitedhero.com/styles/main.css HTTP/1.1" 304 - "http://www.unitedhero.com/" "Mozilla/4.0 (compatible; MSIE 7.0; Windows NT 6.0; Trident/4.0; DS_desktopsmiley; GTB6; desktopsmiley_1_3_319317514023422_7_285; SLCC1; .NET CLR 2.0.50727; Media Center PC 5.0; .NET CLR 3.5.30729; .NET CLR 3.0.30618)"
24.17.66.85 - - [17/Sep/2009:17:33:08 -0700] "GET www.unitedhero.com/Scripts/AC_RunActiveContent.js HTTP/1.1" 304 - "http://www.unitedhero.com/" "Mozilla/4.0 (compatible; MSIE 7.0; Windows NT 6.0; Trident/4.0; DS_desktopsmiley; GTB6; desktopsmiley_1_3_319317514023422_7_285; SLCC1; .NET CLR 2.0.50727; Media Center PC 5.0; .NET CLR 3.5.30729; .NET CLR 3.0.30618)"
24.17.66.85 - - [17/Sep/2009:17:33:08 -0700] "GET www.unitedhero.com/images/logo.png HTTP/1.1" 304 - "http://www.unitedhero.com/" "Mozilla/4.0 (compatible; MSIE 7.0; Windows NT 6.0; Trident/4.0; DS_desktopsmiley; GTB6; desktopsmiley_1_3_319317514023422_7_285; SLCC1; .NET CLR 2.0.50727; Media Center PC 5.0; .NET CLR 3.5.30729; .NET CLR 3.0.30618)"
24.17.66.85 - - [17/Sep/2009:17:33:08 -0700] "GET www.unitedhero.com/images/background.png HTTP/1.1" 304 - "http://www.unitedhero.com/" "Mozilla/4.0 (compatible; MSIE 7.0; Windows NT 6.0; Trident/4.0; DS_desktopsmiley; GTB6; desktopsmiley_1_3_319317514023422_7_285; SLCC1; .NET CLR 2.0.50727; Media Center PC 5.0; .NET CLR 3.5.30729; .NET CLR 3.0.30618)"
24.17.66.85 - - [17/Sep/2009:17:33:08 -0700] "GET www.unitedhero.com/images/photo/background7.jpg HTTP/1.1" 304 - "http://www.unitedhero.com/" "Mozilla/4.0 (compatible; MSIE 7.0; Windows NT 6.0; Trident/4.0; DS_desktopsmiley; GTB6; desktopsmiley_1_3_319317514023422_7_285; SLCC1; .NET CLR 2.0.50727; Media Center PC 5.0; .NET CLR 3.5.30729; .NET CLR 3.0.30618)"
24.17.66.85 - - [17/Sep/2009:17:33:08 -0700] "GET www.unitedhero.com/images/content_background.png HTTP/1.1" 304 - "http://www.unitedhero.com/" "Mozilla/4.0 (compatible; MSIE 7.0; Windows NT 6.0; Trident/4.0; DS_desktopsmiley; GTB6; desktopsmiley_1_3_319317514023422_7_285; SLCC1; .NET CLR 2.0.50727; Media Center PC 5.0; .NET CLR 3.5.30729; .NET CLR 3.0.30618)"
24.17.66.85 - - [17/Sep/2009:17:33:09 -0700] "GET www.unitedhero.com/images/photo/background9.jpg HTTP/1.1" 200 167111 "http://www.unitedhero.com/" "Mozilla/4.0 (compatible; MSIE 7.0; Windows NT 6.0; Trident/4.0; DS_desktopsmiley; GTB6; desktopsmiley_1_3_319317514023422_7_285; SLCC1; .NET CLR 2.0.50727; Media Center PC 5.0; .NET CLR 3.5.30729; .NET CLR 3.0.30618)"
98.226.138.75 - - [17/Sep/2009:17:33:14 -0700] "GET www.unitedhero.com/ HTTP/1.1" 200 5440 "-" "Mozilla/4.0 (compatible; MSIE 7.0; Windows NT 6.0; GTB5; FunWebProducts; SLCC1; .NET CLR 2.0.50727; .NET CLR 3.5.30729; .NET CLR 3.0.30618)"
98.226.138.75 - - [17/Sep/2009:17:33:14 -0700] "GET www.unitedhero.com/styles/main.css HTTP/1.1" 304 - "http://www.unitedhero.com/" "Mozilla/4.0 (compatible; MSIE 7.0; Windows NT 6.0; GTB5; FunWebProducts; SLCC1; .NET CLR 2.0.50727; .NET CLR 3.5.30729; .NET CLR 3.0.30618)"
98.226.138.75 - - [17/Sep/2009:17:33:14 -0700] "GET www.unitedhero.com/Scripts/AC_RunActiveContent.js HTTP/1.1" 304 - "http://www.unitedhero.com/" "Mozilla/4.0 (compatible; MSIE 7.0; Windows NT 6.0; GTB5; FunWebProducts; SLCC1; .NET CLR 2.0.50727; .NET CLR 3.5.30729; .NET CLR 3.0.30618)"
98.226.138.75 - - [17/Sep/2009:17:33:15 -0700] "GET www.unitedhero.com/images/background.png HTTP/1.1" 304 - "http://www.unitedhero.com/" "Mozilla/4.0 (compatible; MSIE 7.0; Windows NT 6.0; GTB5; FunWebProducts; SLCC1; .NET CLR 2.0.50727; .NET CLR 3.5.30729; .NET CLR 3.0.30618)"
98.226.138.75 - - [17/Sep/2009:17:33:15 -0700] "GET www.unitedhero.com/images/logo.png HTTP/1.1" 304 - "http://www.unitedhero.com/" "Mozilla/4.0 (compatible; MSIE 7.0; Windows NT 6.0; GTB5; FunWebProducts; SLCC1; .NET CLR 2.0.50727; .NET CLR 3.5.30729; .NET CLR 3.0.30618)"
98.226.138.75 - - [17/Sep/2009:17:33:16 -0700] "GET www.unitedhero.com/images/photo/background7.jpg HTTP/1.1" 304 - "http://www.unitedhero.com/" "Mozilla/4.0 (compatible; MSIE 7.0; Windows NT 6.0; GTB5; FunWebProducts; SLCC1; .NET CLR 2.0.50727; .NET CLR 3.5.30729; .NET CLR 3.0.30618)"
